// Jest Snapshot v1, https://goo.gl/fbAQLP

exports[`Validator overrideIncludes returns valid include 1`] = `undefined`;

exports[`Validator unit overrideIncludes returns valid include 1`] = `undefined`;
